[0.113s] DEBUG:colcon:Command line arguments: ['/usr/bin/colcon', 'build']
[0.113s] DEBUG:colcon:Parsed command line arguments: Namespace(log_base=None, log_level=None, verb_name='build', build_base='build', install_base='install', merge_install=False, symlink_install=False, test_result_base=None, continue_on_error=False, executor='parallel', parallel_workers=2, event_handlers=None, ignore_user_meta=False, metas=['./colcon.meta'], base_paths=['.'], packages_ignore=None, packages_ignore_regex=None, paths=None, packages_up_to=None, packages_up_to_regex=None, packages_above=None, packages_above_and_dependencies=None, packages_above_depth=None, packages_select_by_dep=None, packages_skip_by_dep=None, packages_skip_up_to=None, packages_select_build_failed=False, packages_skip_build_finished=False, packages_select_test_failures=False, packages_skip_test_passed=False, packages_select=None, packages_skip=None, packages_select_regex=None, packages_skip_regex=None, packages_start=None, packages_end=None, allow_overriding=[], cmake_args=None, cmake_target=None, cmake_target_skip_unavailable=False, cmake_clean_cache=False, cmake_clean_first=False, cmake_force_configure=False, ament_cmake_args=None, catkin_cmake_args=None, catkin_skip_building_tests=False, verb_parser=<colcon_defaults.argument_parser.defaults.DefaultArgumentsDecorator object at 0x7962ddb4c910>, verb_extension=<colcon_core.verb.build.BuildVerb object at 0x7962ddb4c370>, main=<bound method BuildVerb.main of <colcon_core.verb.build.BuildVerb object at 0x7962ddb4c370>>)
[0.387s] Level 1:colcon.colcon_core.package_discovery:discover_packages(colcon_meta) check parameters
[0.388s] Level 1:colcon.colcon_core.package_discovery:discover_packages(recursive) check parameters
[0.388s] Level 1:colcon.colcon_core.package_discovery:discover_packages(ignore) check parameters
[0.388s] Level 1:colcon.colcon_core.package_discovery:discover_packages(path) check parameters
[0.388s] Level 1:colcon.colcon_core.package_discovery:discover_packages(colcon_meta) discover
[0.388s] Level 1:colcon.colcon_core.package_discovery:discover_packages(recursive) discover
[0.388s] INFO:colcon.colcon_core.package_discovery:Crawling recursively for packages in '/home/ake/A.Ke/A.Ke_common/opencv_learn'
[0.388s] Level 1:colcon.colcon_core.package_identification:_identify(.) by extensions ['ignore', 'ignore_ament_install']
[0.388s] Level 1:colcon.colcon_core.package_identification:_identify(.) by extension 'ignore'
[0.388s] Level 1:colcon.colcon_core.package_identification:_identify(.) by extension 'ignore_ament_install'
[0.388s] Level 1:colcon.colcon_core.package_identification:_identify(.) by extensions ['colcon_pkg']
[0.388s] Level 1:colcon.colcon_core.package_identification:_identify(.) by extension 'colcon_pkg'
[0.388s] Level 1:colcon.colcon_core.package_identification:_identify(.) by extensions ['colcon_meta']
[0.388s] Level 1:colcon.colcon_core.package_identification:_identify(.) by extension 'colcon_meta'
[0.388s] Level 1:colcon.colcon_core.package_identification:_identify(.) by extensions ['ros']
[0.388s] Level 1:colcon.colcon_core.package_identification:_identify(.) by extension 'ros'
[0.414s] DEBUG:colcon.colcon_core.package_identification:Package '.' with type 'ros.ament_cmake' and name 'opencv_learn'
[0.415s] Level 1:colcon.colcon_core.package_discovery:discover_packages(recursive) using defaults
[0.415s] Level 1:colcon.colcon_core.package_discovery:discover_packages(ignore) discover
[0.415s] Level 1:colcon.colcon_core.package_discovery:discover_packages(ignore) using defaults
[0.415s] Level 1:colcon.colcon_core.package_discovery:discover_packages(path) discover
[0.415s] Level 1:colcon.colcon_core.package_discovery:discover_packages(path) using defaults
[0.441s] Level 1:colcon.colcon_core.package_discovery:discover_packages(prefix_path) check parameters
[0.441s] Level 1:colcon.colcon_core.package_discovery:discover_packages(prefix_path) discover
[0.442s] WARNING:colcon.colcon_ros.prefix_path.ament:The path '/home/ake/A.Ke/A.Ke_common/opencv_learn/install/opencv_learn' in the environment variable AMENT_PREFIX_PATH doesn't exist
[0.443s] WARNING:colcon.colcon_ros.prefix_path.catkin:The path '/home/ake/A.Ke/A.Ke_common/opencv_learn/install/opencv_learn' in the environment variable CMAKE_PREFIX_PATH doesn't exist
[0.444s] DEBUG:colcon.colcon_installed_package_information.package_discovery:Found 0 installed packages in /home/ake/A.Ke/A.Ke_common/opencv_learn/install
[0.445s] DEBUG:colcon.colcon_installed_package_information.package_discovery:Found 314 installed packages in /opt/ros/humble
[0.446s] Level 1:colcon.colcon_core.package_discovery:discover_packages(prefix_path) using defaults
[0.488s] Level 5:colcon.colcon_core.verb:set package 'opencv_learn' build argument 'cmake_args' from command line to 'None'
[0.488s] Level 5:colcon.colcon_core.verb:set package 'opencv_learn' build argument 'cmake_target' from command line to 'None'
[0.488s] Level 5:colcon.colcon_core.verb:set package 'opencv_learn' build argument 'cmake_target_skip_unavailable' from command line to 'False'
[0.488s] Level 5:colcon.colcon_core.verb:set package 'opencv_learn' build argument 'cmake_clean_cache' from command line to 'False'
[0.488s] Level 5:colcon.colcon_core.verb:set package 'opencv_learn' build argument 'cmake_clean_first' from command line to 'False'
[0.488s] Level 5:colcon.colcon_core.verb:set package 'opencv_learn' build argument 'cmake_force_configure' from command line to 'False'
[0.489s] Level 5:colcon.colcon_core.verb:set package 'opencv_learn' build argument 'ament_cmake_args' from command line to 'None'
[0.489s] Level 5:colcon.colcon_core.verb:set package 'opencv_learn' build argument 'catkin_cmake_args' from command line to 'None'
[0.489s] Level 5:colcon.colcon_core.verb:set package 'opencv_learn' build argument 'catkin_skip_building_tests' from command line to 'False'
[0.489s] DEBUG:colcon.colcon_core.verb:Building package 'opencv_learn' with the following arguments: {'ament_cmake_args': None, 'build_base': '/home/ake/A.Ke/A.Ke_common/opencv_learn/build/opencv_learn', 'catkin_cmake_args': None, 'catkin_skip_building_tests': False, 'cmake_args': None, 'cmake_clean_cache': False, 'cmake_clean_first': False, 'cmake_force_configure': False, 'cmake_target': None, 'cmake_target_skip_unavailable': False, 'install_base': '/home/ake/A.Ke/A.Ke_common/opencv_learn/install/opencv_learn', 'merge_install': False, 'path': '/home/ake/A.Ke/A.Ke_common/opencv_learn', 'symlink_install': False, 'test_result_base': None}
[0.489s] INFO:colcon.colcon_core.executor:Executing jobs using 'parallel' executor
[0.490s] DEBUG:colcon.colcon_parallel_executor.executor.parallel:run_until_complete
[0.503s] INFO:colcon.colcon_ros.task.ament_cmake.build:Building ROS package in '/home/ake/A.Ke/A.Ke_common/opencv_learn' with build type 'ament_cmake'
[0.503s] INFO:colcon.colcon_cmake.task.cmake.build:Building CMake package in '/home/ake/A.Ke/A.Ke_common/opencv_learn'
[0.508s] INFO:colcon.colcon_core.plugin_system:Skipping extension 'colcon_core.shell.bat': Not used on non-Windows systems
[0.509s] INFO:colcon.colcon_core.shell:Skip shell extension 'powershell' for command environment: Not usable outside of PowerShell
[0.509s] DEBUG:colcon.colcon_core.shell:Skip shell extension 'dsv' for command environment
[0.595s] DEBUG:colcon.colcon_core.event_handler.log_command:Invoking command in '/home/ake/A.Ke/A.Ke_common/opencv_learn/build/opencv_learn': CMAKE_PREFIX_PATH=${CMAKE_PREFIX_PATH}:/opt/ros/humble CONDA_PROMPT_MODIFIER=(base) /usr/bin/cmake /home/ake/A.Ke/A.Ke_common/opencv_learn -DCMAKE_INSTALL_PREFIX=/home/ake/A.Ke/A.Ke_common/opencv_learn/install/opencv_learn
[16.393s] DEBUG:colcon.colcon_core.event_handler.log_command:Invoked command in '/home/ake/A.Ke/A.Ke_common/opencv_learn/build/opencv_learn' returned '0': CMAKE_PREFIX_PATH=${CMAKE_PREFIX_PATH}:/opt/ros/humble CONDA_PROMPT_MODIFIER=(base) /usr/bin/cmake /home/ake/A.Ke/A.Ke_common/opencv_learn -DCMAKE_INSTALL_PREFIX=/home/ake/A.Ke/A.Ke_common/opencv_learn/install/opencv_learn
[16.393s] DEBUG:colcon.colcon_core.event_handler.log_command:Invoking command in '/home/ake/A.Ke/A.Ke_common/opencv_learn/build/opencv_learn': CMAKE_PREFIX_PATH=${CMAKE_PREFIX_PATH}:/opt/ros/humble CONDA_PROMPT_MODIFIER=(base) /usr/bin/cmake --build /home/ake/A.Ke/A.Ke_common/opencv_learn/build/opencv_learn -- -j2 -l2
[74.270s] DEBUG:colcon.colcon_core.event_handler.log_command:Invoked command in '/home/ake/A.Ke/A.Ke_common/opencv_learn/build/opencv_learn' returned '2': CMAKE_PREFIX_PATH=${CMAKE_PREFIX_PATH}:/opt/ros/humble CONDA_PROMPT_MODIFIER=(base) /usr/bin/cmake --build /home/ake/A.Ke/A.Ke_common/opencv_learn/build/opencv_learn -- -j2 -l2
[74.365s] Level 1:colcon.colcon_core.environment:create_environment_scripts_only(opencv_learn)
[74.368s] Level 1:colcon.colcon_core.environment:checking '/home/ake/A.Ke/A.Ke_common/opencv_learn/install/opencv_learn' for CMake module files
[74.368s] Level 1:colcon.colcon_core.environment:checking '/home/ake/A.Ke/A.Ke_common/opencv_learn/install/opencv_learn' for CMake config files
[74.368s] Level 1:colcon.colcon_core.environment:checking '/home/ake/A.Ke/A.Ke_common/opencv_learn/install/opencv_learn/bin'
[74.368s] Level 1:colcon.colcon_core.environment:checking '/home/ake/A.Ke/A.Ke_common/opencv_learn/install/opencv_learn/lib/pkgconfig/opencv_learn.pc'
[74.369s] Level 1:colcon.colcon_core.environment:checking '/home/ake/A.Ke/A.Ke_common/opencv_learn/install/opencv_learn/lib/python3.10/site-packages'
[74.369s] Level 1:colcon.colcon_core.environment:checking '/home/ake/A.Ke/A.Ke_common/opencv_learn/install/opencv_learn/bin'
[74.369s] INFO:colcon.colcon_core.shell:Creating package script '/home/ake/A.Ke/A.Ke_common/opencv_learn/install/opencv_learn/share/opencv_learn/package.ps1'
[74.370s] INFO:colcon.colcon_core.shell:Creating package descriptor '/home/ake/A.Ke/A.Ke_common/opencv_learn/install/opencv_learn/share/opencv_learn/package.dsv'
[74.371s] INFO:colcon.colcon_core.shell:Creating package script '/home/ake/A.Ke/A.Ke_common/opencv_learn/install/opencv_learn/share/opencv_learn/package.sh'
[74.372s] INFO:colcon.colcon_core.shell:Creating package script '/home/ake/A.Ke/A.Ke_common/opencv_learn/install/opencv_learn/share/opencv_learn/package.bash'
[74.372s] INFO:colcon.colcon_core.shell:Creating package script '/home/ake/A.Ke/A.Ke_common/opencv_learn/install/opencv_learn/share/opencv_learn/package.zsh'
[74.373s] Level 1:colcon.colcon_core.environment:create_file_with_runtime_dependencies(/home/ake/A.Ke/A.Ke_common/opencv_learn/install/opencv_learn/share/colcon-core/packages/opencv_learn)
[74.384s] DEBUG:colcon.colcon_parallel_executor.executor.parallel:closing loop
[74.384s] DEBUG:colcon.colcon_parallel_executor.executor.parallel:loop closed
[74.384s] DEBUG:colcon.colcon_parallel_executor.executor.parallel:run_until_complete finished with '2'
[74.384s] DEBUG:colcon.colcon_core.event_reactor:joining thread
[74.389s] INFO:colcon.colcon_core.plugin_system:Skipping extension 'colcon_notification.desktop_notification.terminal_notifier': Not used on non-Darwin systems
[74.389s] INFO:colcon.colcon_core.plugin_system:Skipping extension 'colcon_notification.desktop_notification.win32': Not used on non-Windows systems
[74.389s] INFO:colcon.colcon_notification.desktop_notification:Sending desktop notification using 'notify2'
[74.434s] DEBUG:colcon.colcon_core.event_reactor:joined thread
[74.435s] INFO:colcon.colcon_core.shell:Creating prefix script '/home/ake/A.Ke/A.Ke_common/opencv_learn/install/local_setup.ps1'
[74.436s] INFO:colcon.colcon_core.shell:Creating prefix util module '/home/ake/A.Ke/A.Ke_common/opencv_learn/install/_local_setup_util_ps1.py'
[74.438s] INFO:colcon.colcon_core.shell:Creating prefix chain script '/home/ake/A.Ke/A.Ke_common/opencv_learn/install/setup.ps1'
[74.439s] INFO:colcon.colcon_core.shell:Creating prefix script '/home/ake/A.Ke/A.Ke_common/opencv_learn/install/local_setup.sh'
[74.439s] INFO:colcon.colcon_core.shell:Creating prefix util module '/home/ake/A.Ke/A.Ke_common/opencv_learn/install/_local_setup_util_sh.py'
[74.439s] INFO:colcon.colcon_core.shell:Creating prefix chain script '/home/ake/A.Ke/A.Ke_common/opencv_learn/install/setup.sh'
[74.440s] INFO:colcon.colcon_core.shell:Creating prefix script '/home/ake/A.Ke/A.Ke_common/opencv_learn/install/local_setup.bash'
[74.530s] INFO:colcon.colcon_core.shell:Creating prefix chain script '/home/ake/A.Ke/A.Ke_common/opencv_learn/install/setup.bash'
[74.531s] INFO:colcon.colcon_core.shell:Creating prefix script '/home/ake/A.Ke/A.Ke_common/opencv_learn/install/local_setup.zsh'
[74.531s] INFO:colcon.colcon_core.shell:Creating prefix chain script '/home/ake/A.Ke/A.Ke_common/opencv_learn/install/setup.zsh'
