[0.077s] Invoking command in '/home/ake/A.Ke/A.Ke_common/opencv_learn/build/opencv_learn': CMAKE_PREFIX_PATH=${CMAKE_PREFIX_PATH}:/opt/ros/humble CONDA_PROMPT_MODIFIER=(base) /usr/bin/cmake --build /home/ake/A.Ke/A.Ke_common/opencv_learn/build/opencv_learn -- -j2 -l2
[0.149s] [35m[1mConsolidate compiler generated dependencies of target opencv_learn[0m
[0.203s] [ 50%] [32mBuilding CXX object CMakeFiles/opencv_learn.dir/src/opencv_learn.cpp.o[0m
[55.443s] [100%] [32m[1mLinking CXX executable opencv_learn[0m
[56.803s] [100%] Built target opencv_learn
[56.817s] Invoked command in '/home/ake/A.Ke/A.Ke_common/opencv_learn/build/opencv_learn' returned '0': CMAKE_PREFIX_PATH=${CMAKE_PREFIX_PATH}:/opt/ros/humble CONDA_PROMPT_MODIFIER=(base) /usr/bin/cmake --build /home/ake/A.Ke/A.Ke_common/opencv_learn/build/opencv_learn -- -j2 -l2
[56.901s] Invoking command in '/home/ake/A.Ke/A.Ke_common/opencv_learn/build/opencv_learn': CMAKE_PREFIX_PATH=${CMAKE_PREFIX_PATH}:/opt/ros/humble CONDA_PROMPT_MODIFIER=(base) /usr/bin/cmake --install /home/ake/A.Ke/A.Ke_common/opencv_learn/build/opencv_learn
[56.923s] -- Install configuration: ""
[56.931s] -- Installing: /home/ake/A.Ke/A.Ke_common/opencv_learn/install/opencv_learn/lib/opencv_learn/opencv_learn
[56.932s] -- Set runtime path of "/home/ake/A.Ke/A.Ke_common/opencv_learn/install/opencv_learn/lib/opencv_learn/opencv_learn" to ""
[56.932s] -- Installing: /home/ake/A.Ke/A.Ke_common/opencv_learn/install/opencv_learn/share/ament_index/resource_index/package_run_dependencies/opencv_learn
[56.932s] -- Installing: /home/ake/A.Ke/A.Ke_common/opencv_learn/install/opencv_learn/share/ament_index/resource_index/parent_prefix_path/opencv_learn
[56.933s] -- Installing: /home/ake/A.Ke/A.Ke_common/opencv_learn/install/opencv_learn/share/opencv_learn/environment/ament_prefix_path.sh
[56.943s] -- Installing: /home/ake/A.Ke/A.Ke_common/opencv_learn/install/opencv_learn/share/opencv_learn/environment/ament_prefix_path.dsv
[56.943s] -- Installing: /home/ake/A.Ke/A.Ke_common/opencv_learn/install/opencv_learn/share/opencv_learn/environment/path.sh
[56.944s] -- Installing: /home/ake/A.Ke/A.Ke_common/opencv_learn/install/opencv_learn/share/opencv_learn/environment/path.dsv
[56.944s] -- Installing: /home/ake/A.Ke/A.Ke_common/opencv_learn/install/opencv_learn/share/opencv_learn/local_setup.bash
[56.944s] -- Installing: /home/ake/A.Ke/A.Ke_common/opencv_learn/install/opencv_learn/share/opencv_learn/local_setup.sh
[56.944s] -- Installing: /home/ake/A.Ke/A.Ke_common/opencv_learn/install/opencv_learn/share/opencv_learn/local_setup.zsh
[56.944s] -- Installing: /home/ake/A.Ke/A.Ke_common/opencv_learn/install/opencv_learn/share/opencv_learn/local_setup.dsv
[56.944s] -- Installing: /home/ake/A.Ke/A.Ke_common/opencv_learn/install/opencv_learn/share/opencv_learn/package.dsv
[56.945s] -- Installing: /home/ake/A.Ke/A.Ke_common/opencv_learn/install/opencv_learn/share/ament_index/resource_index/packages/opencv_learn
[56.945s] -- Installing: /home/ake/A.Ke/A.Ke_common/opencv_learn/install/opencv_learn/share/opencv_learn/cmake/opencv_learnConfig.cmake
[56.945s] -- Installing: /home/ake/A.Ke/A.Ke_common/opencv_learn/install/opencv_learn/share/opencv_learn/cmake/opencv_learnConfig-version.cmake
[56.958s] -- Installing: /home/ake/A.Ke/A.Ke_common/opencv_learn/install/opencv_learn/share/opencv_learn/package.xml
[56.960s] Invoked command in '/home/ake/A.Ke/A.Ke_common/opencv_learn/build/opencv_learn' returned '0': CMAKE_PREFIX_PATH=${CMAKE_PREFIX_PATH}:/opt/ros/humble CONDA_PROMPT_MODIFIER=(base) /usr/bin/cmake --install /home/ake/A.Ke/A.Ke_common/opencv_learn/build/opencv_learn
