[0.074s] DEBUG:colcon:Command line arguments: ['/usr/bin/colcon', 'build']
[0.074s] DEBUG:colcon:Parsed command line arguments: Namespace(log_base=None, log_level=None, verb_name='build', build_base='build', install_base='install', merge_install=False, symlink_install=False, test_result_base=None, continue_on_error=False, executor='parallel', parallel_workers=2, event_handlers=None, ignore_user_meta=False, metas=['./colcon.meta'], base_paths=['.'], packages_ignore=None, packages_ignore_regex=None, paths=None, packages_up_to=None, packages_up_to_regex=None, packages_above=None, packages_above_and_dependencies=None, packages_above_depth=None, packages_select_by_dep=None, packages_skip_by_dep=None, packages_skip_up_to=None, packages_select_build_failed=False, packages_skip_build_finished=False, packages_select_test_failures=False, packages_skip_test_passed=False, packages_select=None, packages_skip=None, packages_select_regex=None, packages_skip_regex=None, packages_start=None, packages_end=None, allow_overriding=[], cmake_args=None, cmake_target=None, cmake_target_skip_unavailable=False, cmake_clean_cache=False, cmake_clean_first=False, cmake_force_configure=False, ament_cmake_args=None, catkin_cmake_args=None, catkin_skip_building_tests=False, verb_parser=<colcon_defaults.argument_parser.defaults.DefaultArgumentsDecorator object at 0x7a34d0054910>, verb_extension=<colcon_core.verb.build.BuildVerb object at 0x7a34d0054370>, main=<bound method BuildVerb.main of <colcon_core.verb.build.BuildVerb object at 0x7a34d0054370>>)
[0.261s] Level 1:colcon.colcon_core.package_discovery:discover_packages(colcon_meta) check parameters
[0.262s] Level 1:colcon.colcon_core.package_discovery:discover_packages(recursive) check parameters
[0.262s] Level 1:colcon.colcon_core.package_discovery:discover_packages(ignore) check parameters
[0.262s] Level 1:colcon.colcon_core.package_discovery:discover_packages(path) check parameters
[0.262s] Level 1:colcon.colcon_core.package_discovery:discover_packages(colcon_meta) discover
[0.262s] Level 1:colcon.colcon_core.package_discovery:discover_packages(recursive) discover
[0.262s] INFO:colcon.colcon_core.package_discovery:Crawling recursively for packages in '/home/ake/A.Ke/A.Ke_common/opencv_learn'
[0.263s] Level 1:colcon.colcon_core.package_identification:_identify(.) by extensions ['ignore', 'ignore_ament_install']
[0.263s] Level 1:colcon.colcon_core.package_identification:_identify(.) by extension 'ignore'
[0.263s] Level 1:colcon.colcon_core.package_identification:_identify(.) by extension 'ignore_ament_install'
[0.263s] Level 1:colcon.colcon_core.package_identification:_identify(.) by extensions ['colcon_pkg']
[0.263s] Level 1:colcon.colcon_core.package_identification:_identify(.) by extension 'colcon_pkg'
[0.264s] Level 1:colcon.colcon_core.package_identification:_identify(.) by extensions ['colcon_meta']
[0.264s] Level 1:colcon.colcon_core.package_identification:_identify(.) by extension 'colcon_meta'
[0.264s] Level 1:colcon.colcon_core.package_identification:_identify(.) by extensions ['ros']
[0.264s] Level 1:colcon.colcon_core.package_identification:_identify(.) by extension 'ros'
[0.281s] DEBUG:colcon.colcon_core.package_identification:Package '.' with type 'ros.ament_cmake' and name 'opencv_learn'
[0.282s] Level 1:colcon.colcon_core.package_discovery:discover_packages(recursive) using defaults
[0.282s] Level 1:colcon.colcon_core.package_discovery:discover_packages(ignore) discover
[0.282s] Level 1:colcon.colcon_core.package_discovery:discover_packages(ignore) using defaults
[0.282s] Level 1:colcon.colcon_core.package_discovery:discover_packages(path) discover
[0.282s] Level 1:colcon.colcon_core.package_discovery:discover_packages(path) using defaults
[0.304s] Level 1:colcon.colcon_core.package_discovery:discover_packages(prefix_path) check parameters
[0.304s] Level 1:colcon.colcon_core.package_discovery:discover_packages(prefix_path) discover
[0.306s] DEBUG:colcon.colcon_installed_package_information.package_discovery:Found 1 installed packages in /home/ake/A.Ke/A.Ke_common/opencv_learn/install
[0.308s] DEBUG:colcon.colcon_installed_package_information.package_discovery:Found 314 installed packages in /opt/ros/humble
[0.311s] Level 1:colcon.colcon_core.package_discovery:discover_packages(prefix_path) using defaults
[0.441s] Level 5:colcon.colcon_core.verb:set package 'opencv_learn' build argument 'cmake_args' from command line to 'None'
[0.441s] Level 5:colcon.colcon_core.verb:set package 'opencv_learn' build argument 'cmake_target' from command line to 'None'
[0.441s] Level 5:colcon.colcon_core.verb:set package 'opencv_learn' build argument 'cmake_target_skip_unavailable' from command line to 'False'
[0.441s] Level 5:colcon.colcon_core.verb:set package 'opencv_learn' build argument 'cmake_clean_cache' from command line to 'False'
[0.441s] Level 5:colcon.colcon_core.verb:set package 'opencv_learn' build argument 'cmake_clean_first' from command line to 'False'
[0.441s] Level 5:colcon.colcon_core.verb:set package 'opencv_learn' build argument 'cmake_force_configure' from command line to 'False'
[0.441s] Level 5:colcon.colcon_core.verb:set package 'opencv_learn' build argument 'ament_cmake_args' from command line to 'None'
[0.441s] Level 5:colcon.colcon_core.verb:set package 'opencv_learn' build argument 'catkin_cmake_args' from command line to 'None'
[0.441s] Level 5:colcon.colcon_core.verb:set package 'opencv_learn' build argument 'catkin_skip_building_tests' from command line to 'False'
[0.441s] DEBUG:colcon.colcon_core.verb:Building package 'opencv_learn' with the following arguments: {'ament_cmake_args': None, 'build_base': '/home/ake/A.Ke/A.Ke_common/opencv_learn/build/opencv_learn', 'catkin_cmake_args': None, 'catkin_skip_building_tests': False, 'cmake_args': None, 'cmake_clean_cache': False, 'cmake_clean_first': False, 'cmake_force_configure': False, 'cmake_target': None, 'cmake_target_skip_unavailable': False, 'install_base': '/home/ake/A.Ke/A.Ke_common/opencv_learn/install/opencv_learn', 'merge_install': False, 'path': '/home/ake/A.Ke/A.Ke_common/opencv_learn', 'symlink_install': False, 'test_result_base': None}
[0.441s] INFO:colcon.colcon_core.executor:Executing jobs using 'parallel' executor
[0.443s] DEBUG:colcon.colcon_parallel_executor.executor.parallel:run_until_complete
[0.443s] INFO:colcon.colcon_ros.task.ament_cmake.build:Building ROS package in '/home/ake/A.Ke/A.Ke_common/opencv_learn' with build type 'ament_cmake'
[0.443s] INFO:colcon.colcon_cmake.task.cmake.build:Building CMake package in '/home/ake/A.Ke/A.Ke_common/opencv_learn'
[0.446s] INFO:colcon.colcon_core.plugin_system:Skipping extension 'colcon_core.shell.bat': Not used on non-Windows systems
[0.446s] INFO:colcon.colcon_core.shell:Skip shell extension 'powershell' for command environment: Not usable outside of PowerShell
[0.446s] DEBUG:colcon.colcon_core.shell:Skip shell extension 'dsv' for command environment
[0.521s] DEBUG:colcon.colcon_core.event_handler.log_command:Invoking command in '/home/ake/A.Ke/A.Ke_common/opencv_learn/build/opencv_learn': CMAKE_PREFIX_PATH=${CMAKE_PREFIX_PATH}:/opt/ros/humble CONDA_PROMPT_MODIFIER=(base) /usr/bin/cmake --build /home/ake/A.Ke/A.Ke_common/opencv_learn/build/opencv_learn -- -j2 -l2
[57.261s] DEBUG:colcon.colcon_core.event_handler.log_command:Invoked command in '/home/ake/A.Ke/A.Ke_common/opencv_learn/build/opencv_learn' returned '0': CMAKE_PREFIX_PATH=${CMAKE_PREFIX_PATH}:/opt/ros/humble CONDA_PROMPT_MODIFIER=(base) /usr/bin/cmake --build /home/ake/A.Ke/A.Ke_common/opencv_learn/build/opencv_learn -- -j2 -l2
[57.345s] DEBUG:colcon.colcon_core.event_handler.log_command:Invoking command in '/home/ake/A.Ke/A.Ke_common/opencv_learn/build/opencv_learn': CMAKE_PREFIX_PATH=${CMAKE_PREFIX_PATH}:/opt/ros/humble CONDA_PROMPT_MODIFIER=(base) /usr/bin/cmake --install /home/ake/A.Ke/A.Ke_common/opencv_learn/build/opencv_learn
[57.404s] Level 1:colcon.colcon_core.environment:create_environment_scripts_only(opencv_learn)
[57.404s] DEBUG:colcon.colcon_core.event_handler.log_command:Invoked command in '/home/ake/A.Ke/A.Ke_common/opencv_learn/build/opencv_learn' returned '0': CMAKE_PREFIX_PATH=${CMAKE_PREFIX_PATH}:/opt/ros/humble CONDA_PROMPT_MODIFIER=(base) /usr/bin/cmake --install /home/ake/A.Ke/A.Ke_common/opencv_learn/build/opencv_learn
[57.406s] Level 1:colcon.colcon_core.environment:checking '/home/ake/A.Ke/A.Ke_common/opencv_learn/install/opencv_learn' for CMake module files
[57.407s] Level 1:colcon.colcon_core.environment:checking '/home/ake/A.Ke/A.Ke_common/opencv_learn/install/opencv_learn' for CMake config files
[57.407s] Level 1:colcon.colcon_core.shell:create_environment_hook('opencv_learn', 'cmake_prefix_path')
[57.407s] INFO:colcon.colcon_core.shell:Creating environment hook '/home/ake/A.Ke/A.Ke_common/opencv_learn/install/opencv_learn/share/opencv_learn/hook/cmake_prefix_path.ps1'
[57.408s] INFO:colcon.colcon_core.shell:Creating environment descriptor '/home/ake/A.Ke/A.Ke_common/opencv_learn/install/opencv_learn/share/opencv_learn/hook/cmake_prefix_path.dsv'
[57.408s] INFO:colcon.colcon_core.shell:Creating environment hook '/home/ake/A.Ke/A.Ke_common/opencv_learn/install/opencv_learn/share/opencv_learn/hook/cmake_prefix_path.sh'
[57.409s] Level 1:colcon.colcon_core.environment:checking '/home/ake/A.Ke/A.Ke_common/opencv_learn/install/opencv_learn/lib'
[57.409s] Level 1:colcon.colcon_core.environment:checking '/home/ake/A.Ke/A.Ke_common/opencv_learn/install/opencv_learn/bin'
[57.409s] Level 1:colcon.colcon_core.environment:checking '/home/ake/A.Ke/A.Ke_common/opencv_learn/install/opencv_learn/lib/pkgconfig/opencv_learn.pc'
[57.410s] Level 1:colcon.colcon_core.environment:checking '/home/ake/A.Ke/A.Ke_common/opencv_learn/install/opencv_learn/lib/python3.10/site-packages'
[57.410s] Level 1:colcon.colcon_core.environment:checking '/home/ake/A.Ke/A.Ke_common/opencv_learn/install/opencv_learn/bin'
[57.410s] INFO:colcon.colcon_core.shell:Creating package script '/home/ake/A.Ke/A.Ke_common/opencv_learn/install/opencv_learn/share/opencv_learn/package.ps1'
[57.411s] INFO:colcon.colcon_core.shell:Creating package descriptor '/home/ake/A.Ke/A.Ke_common/opencv_learn/install/opencv_learn/share/opencv_learn/package.dsv'
[57.412s] INFO:colcon.colcon_core.shell:Creating package script '/home/ake/A.Ke/A.Ke_common/opencv_learn/install/opencv_learn/share/opencv_learn/package.sh'
[57.412s] INFO:colcon.colcon_core.shell:Creating package script '/home/ake/A.Ke/A.Ke_common/opencv_learn/install/opencv_learn/share/opencv_learn/package.bash'
[57.413s] INFO:colcon.colcon_core.shell:Creating package script '/home/ake/A.Ke/A.Ke_common/opencv_learn/install/opencv_learn/share/opencv_learn/package.zsh'
[57.414s] Level 1:colcon.colcon_core.environment:create_file_with_runtime_dependencies(/home/ake/A.Ke/A.Ke_common/opencv_learn/install/opencv_learn/share/colcon-core/packages/opencv_learn)
[57.475s] Level 1:colcon.colcon_core.environment:create_environment_scripts_only(opencv_learn)
[57.475s] Level 1:colcon.colcon_core.environment:checking '/home/ake/A.Ke/A.Ke_common/opencv_learn/install/opencv_learn' for CMake module files
[57.475s] Level 1:colcon.colcon_core.environment:checking '/home/ake/A.Ke/A.Ke_common/opencv_learn/install/opencv_learn' for CMake config files
[57.476s] Level 1:colcon.colcon_core.shell:create_environment_hook('opencv_learn', 'cmake_prefix_path')
[57.476s] INFO:colcon.colcon_core.shell:Creating environment hook '/home/ake/A.Ke/A.Ke_common/opencv_learn/install/opencv_learn/share/opencv_learn/hook/cmake_prefix_path.ps1'
[57.477s] INFO:colcon.colcon_core.shell:Creating environment descriptor '/home/ake/A.Ke/A.Ke_common/opencv_learn/install/opencv_learn/share/opencv_learn/hook/cmake_prefix_path.dsv'
[57.477s] INFO:colcon.colcon_core.shell:Creating environment hook '/home/ake/A.Ke/A.Ke_common/opencv_learn/install/opencv_learn/share/opencv_learn/hook/cmake_prefix_path.sh'
[57.478s] Level 1:colcon.colcon_core.environment:checking '/home/ake/A.Ke/A.Ke_common/opencv_learn/install/opencv_learn/lib'
[57.479s] Level 1:colcon.colcon_core.environment:checking '/home/ake/A.Ke/A.Ke_common/opencv_learn/install/opencv_learn/bin'
[57.479s] Level 1:colcon.colcon_core.environment:checking '/home/ake/A.Ke/A.Ke_common/opencv_learn/install/opencv_learn/lib/pkgconfig/opencv_learn.pc'
[57.479s] Level 1:colcon.colcon_core.environment:checking '/home/ake/A.Ke/A.Ke_common/opencv_learn/install/opencv_learn/lib/python3.10/site-packages'
[57.479s] Level 1:colcon.colcon_core.environment:checking '/home/ake/A.Ke/A.Ke_common/opencv_learn/install/opencv_learn/bin'
[57.480s] INFO:colcon.colcon_core.shell:Creating package script '/home/ake/A.Ke/A.Ke_common/opencv_learn/install/opencv_learn/share/opencv_learn/package.ps1'
[57.481s] INFO:colcon.colcon_core.shell:Creating package descriptor '/home/ake/A.Ke/A.Ke_common/opencv_learn/install/opencv_learn/share/opencv_learn/package.dsv'
[57.482s] INFO:colcon.colcon_core.shell:Creating package script '/home/ake/A.Ke/A.Ke_common/opencv_learn/install/opencv_learn/share/opencv_learn/package.sh'
[57.482s] INFO:colcon.colcon_core.shell:Creating package script '/home/ake/A.Ke/A.Ke_common/opencv_learn/install/opencv_learn/share/opencv_learn/package.bash'
[57.483s] INFO:colcon.colcon_core.shell:Creating package script '/home/ake/A.Ke/A.Ke_common/opencv_learn/install/opencv_learn/share/opencv_learn/package.zsh'
[57.484s] Level 1:colcon.colcon_core.environment:create_file_with_runtime_dependencies(/home/ake/A.Ke/A.Ke_common/opencv_learn/install/opencv_learn/share/colcon-core/packages/opencv_learn)
[57.484s] DEBUG:colcon.colcon_parallel_executor.executor.parallel:closing loop
[57.484s] DEBUG:colcon.colcon_parallel_executor.executor.parallel:loop closed
[57.485s] DEBUG:colcon.colcon_parallel_executor.executor.parallel:run_until_complete finished with '0'
[57.485s] DEBUG:colcon.colcon_core.event_reactor:joining thread
[57.491s] INFO:colcon.colcon_core.plugin_system:Skipping extension 'colcon_notification.desktop_notification.terminal_notifier': Not used on non-Darwin systems
[57.491s] INFO:colcon.colcon_core.plugin_system:Skipping extension 'colcon_notification.desktop_notification.win32': Not used on non-Windows systems
[57.491s] INFO:colcon.colcon_notification.desktop_notification:Sending desktop notification using 'notify2'
[57.509s] DEBUG:colcon.colcon_core.event_reactor:joined thread
[57.509s] INFO:colcon.colcon_core.shell:Creating prefix script '/home/ake/A.Ke/A.Ke_common/opencv_learn/install/local_setup.ps1'
[57.511s] INFO:colcon.colcon_core.shell:Creating prefix util module '/home/ake/A.Ke/A.Ke_common/opencv_learn/install/_local_setup_util_ps1.py'
[57.513s] INFO:colcon.colcon_core.shell:Creating prefix chain script '/home/ake/A.Ke/A.Ke_common/opencv_learn/install/setup.ps1'
[57.514s] INFO:colcon.colcon_core.shell:Creating prefix script '/home/ake/A.Ke/A.Ke_common/opencv_learn/install/local_setup.sh'
[57.516s] INFO:colcon.colcon_core.shell:Creating prefix util module '/home/ake/A.Ke/A.Ke_common/opencv_learn/install/_local_setup_util_sh.py'
[57.517s] INFO:colcon.colcon_core.shell:Creating prefix chain script '/home/ake/A.Ke/A.Ke_common/opencv_learn/install/setup.sh'
[57.519s] INFO:colcon.colcon_core.shell:Creating prefix script '/home/ake/A.Ke/A.Ke_common/opencv_learn/install/local_setup.bash'
[57.519s] INFO:colcon.colcon_core.shell:Creating prefix chain script '/home/ake/A.Ke/A.Ke_common/opencv_learn/install/setup.bash'
[57.521s] INFO:colcon.colcon_core.shell:Creating prefix script '/home/ake/A.Ke/A.Ke_common/opencv_learn/install/local_setup.zsh'
[57.521s] INFO:colcon.colcon_core.shell:Creating prefix chain script '/home/ake/A.Ke/A.Ke_common/opencv_learn/install/setup.zsh'
